
*** baseline

*** /home/agent/.rustup/toolchains/stable-x86_64-unknown-linux-gnu/bin/cargo test --no-run --verbose --package=einmo@0.0.5
       Fresh unicode-ident v1.0.24
       Fresh version_check v0.9.5
       Fresh cfg-if v1.0.4
       Fresh typenum v1.20.1
       Fresh pin-project-lite v0.2.17
       Fresh subtle v2.6.1
       Fresh itoa v1.0.18
       Fresh futures-core v0.3.33
       Fresh bytes v1.12.1
       Fresh once_cell v1.21.4
       Fresh cpufeatures v0.2.17
       Fresh log v0.4.33
       Fresh semver v1.0.28
       Fresh futures-task v0.3.33
       Fresh tower-service v0.3.3
       Fresh libc v0.2.189
       Fresh http v1.5.0
       Fresh tracing-core v0.1.36
       Fresh try-lock v0.2.5
       Fresh slab v0.4.12
       Fresh futures-channel v0.3.33
       Fresh rustc_version v0.4.1
       Fresh httpdate v1.0.3
       Fresh utf8parse v0.2.2
       Fresh atomic-waker v1.1.2
       Fresh smallvec v1.15.2
       Fresh colorchoice v1.0.5
       Fresh hashbrown v0.17.1
       Fresh sync_wrapper v1.0.2
       Fresh proc-macro2 v1.0.107
       Fresh getrandom v0.2.17
       Fresh serde_core v1.0.229
       Fresh errno v0.3.14
       Fresh socket2 v0.6.5
       Fresh mio v1.2.2
       Fresh http-body v1.1.0
       Fresh tracing v0.1.44
       Fresh httparse v1.10.1
       Fresh futures-util v0.3.33
       Fresh want v0.3.1
       Fresh anstyle-parse v1.0.0
       Fresh anstyle v1.0.14
       Fresh is_terminal_polyfill v1.70.2
       Fresh equivalent v1.0.2
       Fresh anstyle-query v1.1.5
       Fresh percent-encoding v2.3.2
       Fresh quote v1.0.47
       Fresh generic-array v0.14.7
       Fresh rand_core v0.6.4
       Fresh signal-hook-registry v1.4.8
       Fresh http-body-util v0.1.4
       Fresh tower-layer v0.3.3
       Fresh anstream v1.0.0
       Fresh indexmap v2.14.0
       Fresh form_urlencoded v1.2.2
       Fresh zmij v1.0.23
       Fresh clap_lex v1.1.0
       Fresh signature v2.2.0
       Fresh time-core v0.1.9
       Fresh winnow v0.7.15
       Fresh mime v0.3.17
       Fresh strsim v0.11.1
       Fresh keccak v0.1.6
       Fresh syn v3.0.3
       Fresh crypto-common v0.1.7
       Fresh syn v2.0.119
       Fresh block-buffer v0.10.4
       Fresh inout v0.1.4
       Fresh futures-sink v0.3.33
       Fresh num-conv v0.2.2
       Fresh heck v0.5.0
       Fresh base64ct v1.8.3
       Fresh opaque-debug v0.3.1
       Fresh ryu v1.0.23
       Fresh memchr v2.8.3
       Fresh toml_write v0.1.2
       Fresh clap_builder v4.6.2
       Fresh ed25519 v2.2.3
       Fresh axum-core v0.5.6
       Fresh serde_path_to_error v0.1.20
       Fresh rtoolbox v0.0.5
       Fresh tokio-macros v2.7.2
       Fresh serde_derive v1.0.229
       Fresh digest v0.10.7
       Fresh zeroize_derive v1.5.0
       Fresh universal-hash v0.5.1
       Fresh curve25519-dalek-derive v0.1.1
       Fresh aead v0.5.2
       Fresh thiserror-impl v2.0.19
       Fresh password-hash v0.5.0
       Fresh time-macros v0.2.32
       Fresh serde_json v1.0.151
       Fresh clap_derive v4.6.4
       Fresh bitflags v2.13.1
       Fresh deranged v0.5.8
       Fresh matchit v0.8.4
       Fresh linux-raw-sys v0.12.1
       Fresh hex v0.4.3
       Fresh powerfmt v0.2.0
       Fresh getrandom v0.4.3
       Fresh rpassword v7.5.4
       Fresh tokio v1.53.1
       Fresh zeroize v1.9.0
       Fresh serde v1.0.229
       Fresh sha2 v0.10.9
       Fresh blake2 v0.10.6
       Fresh sha3 v0.10.9
       Fresh poly1305 v0.8.0
       Fresh rustix v1.1.4
       Fresh time v0.3.54
       Fresh thiserror v2.0.19
       Fresh clap v4.6.4
       Fresh similar v2.7.0
       Fresh fastrand v2.5.0
       Fresh base64 v0.22.1
       Fresh hyper v1.11.0
       Fresh cipher v0.4.4
       Fresh toml_datetime v0.6.11
       Fresh serde_spanned v0.6.9
       Fresh tower v0.5.3
       Fresh curve25519-dalek v4.1.3
       Fresh tokio-util v0.7.19
       Fresh serde_urlencoded v0.7.1
       Fresh fips205 v0.4.1
       Fresh argon2 v0.5.3
       Fresh tempfile v3.27.0
       Fresh hyper-util v0.1.20
       Fresh toml_edit v0.22.27
       Fresh chacha20 v0.9.1
       Fresh ed25519-dalek v2.2.0
       Fresh tokio-stream v0.1.19
       Fresh chacha20poly1305 v0.10.1
       Fresh toml v0.8.23
       Fresh axum v0.8.9
       Fresh hyperlocal v0.9.1
       Dirty einmo v0.0.5 (/yolo/tmp/cargo-mutants-einmo-lsi7M1.tmp): the file `src/compare.rs` has changed (1785583424.349787456s, 14s after last build at 1785583410.593334683s)
   Compiling einmo v0.0.5 (/yolo/tmp/cargo-mutants-einmo-lsi7M1.tmp)
     Running `sccache /home/agent/.rustup/toolchains/stable-x86_64-unknown-linux-gnu/bin/rustc --crate-name einmo --edition=2024 src/lib.rs --error-format=json --json=diagnostic-rendered-ansi,artifacts,future-incompat --emit=dep-info,link -C embed-bitcode=no -C debuginfo=2 '--deny=clippy::overly_complex_bool_expr' '--deny=clippy::nonminimal_bool' --test --check-cfg 'cfg(docsrs,test)' --check-cfg 'cfg(feature, values())' -C metadata=7937130f11b59fed -C extra-filename=-ed41b1ecd06a0630 --out-dir /yolo/target/debug/deps -C linker=clang -C incremental=/yolo/target/debug/incremental -L dependency=/yolo/target/debug/deps --extern argon2=/yolo/target/debug/deps/libargon2-464fe254155a1171.rlib --extern axum=/yolo/target/debug/deps/libaxum-6557850bc502ce55.rlib --extern base64=/yolo/target/debug/deps/libbase64-cf52d12135ebe0c5.rlib --extern chacha20poly1305=/yolo/target/debug/deps/libchacha20poly1305-cab59fc41b5a6a75.rlib --extern clap=/yolo/target/debug/deps/libclap-f50ee7b197b2fd58.rlib --extern ed25519_dalek=/yolo/target/debug/deps/libed25519_dalek-0d619e549ff9cfc5.rlib --extern fips205=/yolo/target/debug/deps/libfips205-d309159d5762afed.rlib --extern futures_util=/yolo/target/debug/deps/libfutures_util-3c37c8bcf882194d.rlib --extern hex=/yolo/target/debug/deps/libhex-0bebbe16d4d4e116.rlib --extern hyper=/yolo/target/debug/deps/libhyper-b9149de661564070.rlib --extern hyper_util=/yolo/target/debug/deps/libhyper_util-4dc01e77a2fdd092.rlib --extern hyperlocal=/yolo/target/debug/deps/libhyperlocal-0f37c717f4e2a75e.rlib --extern rand_core=/yolo/target/debug/deps/librand_core-e3b70bbe0c63c37f.rlib --extern rpassword=/yolo/target/debug/deps/librpassword-d73be057acb4ea6e.rlib --extern serde=/yolo/target/debug/deps/libserde-ce4a22669f830d2d.rlib --extern serde_json=/yolo/target/debug/deps/libserde_json-3ab0b2292944132a.rlib --extern sha2=/yolo/target/debug/deps/libsha2-1a366e4c3671b6ab.rlib --extern similar=/yolo/target/debug/deps/libsimilar-ca536a06b0b0f595.rlib --extern tempfile=/yolo/target/debug/deps/libtempfile-76a7e07362794215.rlib --extern thiserror=/yolo/target/debug/deps/libthiserror-4a9c119a5bba7761.rlib --extern time=/yolo/target/debug/deps/libtime-6d7f47846e33ce98.rlib --extern tokio=/yolo/target/debug/deps/libtokio-647a0c74752d0942.rlib --extern tokio_stream=/yolo/target/debug/deps/libtokio_stream-89357a7d6ae961be.rlib --extern toml=/yolo/target/debug/deps/libtoml-e503d86707f7f989.rlib --extern tower=/yolo/target/debug/deps/libtower-3b98c09909bfb968.rlib --extern zeroize=/yolo/target/debug/deps/libzeroize-9efcb6e6e123c20c.rlib -C link-arg=-fuse-ld=mold`
     Running `sccache /home/agent/.rustup/toolchains/stable-x86_64-unknown-linux-gnu/bin/rustc --crate-name einmo --edition=2024 src/lib.rs --error-format=json --json=diagnostic-rendered-ansi,artifacts,future-incompat --crate-type lib --emit=dep-info,metadata,link -C embed-bitcode=no -C debuginfo=2 '--deny=clippy::overly_complex_bool_expr' '--deny=clippy::nonminimal_bool' --check-cfg 'cfg(docsrs,test)' --check-cfg 'cfg(feature, values())' -C metadata=ec247cf0a19148a4 -C extra-filename=-8a013b18b8184214 --out-dir /yolo/target/debug/deps -C linker=clang -C incremental=/yolo/target/debug/incremental -L dependency=/yolo/target/debug/deps --extern argon2=/yolo/target/debug/deps/libargon2-464fe254155a1171.rmeta --extern axum=/yolo/target/debug/deps/libaxum-6557850bc502ce55.rmeta --extern base64=/yolo/target/debug/deps/libbase64-cf52d12135ebe0c5.rmeta --extern chacha20poly1305=/yolo/target/debug/deps/libchacha20poly1305-cab59fc41b5a6a75.rmeta --extern clap=/yolo/target/debug/deps/libclap-f50ee7b197b2fd58.rmeta --extern ed25519_dalek=/yolo/target/debug/deps/libed25519_dalek-0d619e549ff9cfc5.rmeta --extern fips205=/yolo/target/debug/deps/libfips205-d309159d5762afed.rmeta --extern futures_util=/yolo/target/debug/deps/libfutures_util-3c37c8bcf882194d.rmeta --extern hex=/yolo/target/debug/deps/libhex-0bebbe16d4d4e116.rmeta --extern rand_core=/yolo/target/debug/deps/librand_core-e3b70bbe0c63c37f.rmeta --extern rpassword=/yolo/target/debug/deps/librpassword-d73be057acb4ea6e.rmeta --extern serde=/yolo/target/debug/deps/libserde-ce4a22669f830d2d.rmeta --extern serde_json=/yolo/target/debug/deps/libserde_json-3ab0b2292944132a.rmeta --extern sha2=/yolo/target/debug/deps/libsha2-1a366e4c3671b6ab.rmeta --extern similar=/yolo/target/debug/deps/libsimilar-ca536a06b0b0f595.rmeta --extern thiserror=/yolo/target/debug/deps/libthiserror-4a9c119a5bba7761.rmeta --extern time=/yolo/target/debug/deps/libtime-6d7f47846e33ce98.rmeta --extern tokio=/yolo/target/debug/deps/libtokio-647a0c74752d0942.rmeta --extern tokio_stream=/yolo/target/debug/deps/libtokio_stream-89357a7d6ae961be.rmeta --extern toml=/yolo/target/debug/deps/libtoml-e503d86707f7f989.rmeta --extern zeroize=/yolo/target/debug/deps/libzeroize-9efcb6e6e123c20c.rmeta -C link-arg=-fuse-ld=mold`
     Running `sccache /home/agent/.rustup/toolchains/stable-x86_64-unknown-linux-gnu/bin/rustc --crate-name cargo_einmo_review_server --edition=2024 src/bin/cargo_einmo_review_server.rs --error-format=json --json=diagnostic-rendered-ansi,artifacts,future-incompat --emit=dep-info,link -C embed-bitcode=no -C debuginfo=2 '--deny=clippy::overly_complex_bool_expr' '--deny=clippy::nonminimal_bool' --test --check-cfg 'cfg(docsrs,test)' --check-cfg 'cfg(feature, values())' -C metadata=7a82b3c65841f518 -C extra-filename=-a784ecfd5ca0bea2 --out-dir /yolo/target/debug/deps -C linker=clang -C incremental=/yolo/target/debug/incremental -L dependency=/yolo/target/debug/deps --extern argon2=/yolo/target/debug/deps/libargon2-464fe254155a1171.rlib --extern axum=/yolo/target/debug/deps/libaxum-6557850bc502ce55.rlib --extern base64=/yolo/target/debug/deps/libbase64-cf52d12135ebe0c5.rlib --extern chacha20poly1305=/yolo/target/debug/deps/libchacha20poly1305-cab59fc41b5a6a75.rlib --extern clap=/yolo/target/debug/deps/libclap-f50ee7b197b2fd58.rlib --extern ed25519_dalek=/yolo/target/debug/deps/libed25519_dalek-0d619e549ff9cfc5.rlib --extern einmo=/yolo/target/debug/deps/libeinmo-8a013b18b8184214.rlib --extern fips205=/yolo/target/debug/deps/libfips205-d309159d5762afed.rlib --extern futures_util=/yolo/target/debug/deps/libfutures_util-3c37c8bcf882194d.rlib --extern hex=/yolo/target/debug/deps/libhex-0bebbe16d4d4e116.rlib --extern hyper=/yolo/target/debug/deps/libhyper-b9149de661564070.rlib --extern hyper_util=/yolo/target/debug/deps/libhyper_util-4dc01e77a2fdd092.rlib --extern hyperlocal=/yolo/target/debug/deps/libhyperlocal-0f37c717f4e2a75e.rlib --extern rand_core=/yolo/target/debug/deps/librand_core-e3b70bbe0c63c37f.rlib --extern rpassword=/yolo/target/debug/deps/librpassword-d73be057acb4ea6e.rlib --extern serde=/yolo/target/debug/deps/libserde-ce4a22669f830d2d.rlib --extern serde_json=/yolo/target/debug/deps/libserde_json-3ab0b2292944132a.rlib --extern sha2=/yolo/target/debug/deps/libsha2-1a366e4c3671b6ab.rlib --extern similar=/yolo/target/debug/deps/libsimilar-ca536a06b0b0f595.rlib --extern tempfile=/yolo/target/debug/deps/libtempfile-76a7e07362794215.rlib --extern thiserror=/yolo/target/debug/deps/libthiserror-4a9c119a5bba7761.rlib --extern time=/yolo/target/debug/deps/libtime-6d7f47846e33ce98.rlib --extern tokio=/yolo/target/debug/deps/libtokio-647a0c74752d0942.rlib --extern tokio_stream=/yolo/target/debug/deps/libtokio_stream-89357a7d6ae961be.rlib --extern toml=/yolo/target/debug/deps/libtoml-e503d86707f7f989.rlib --extern tower=/yolo/target/debug/deps/libtower-3b98c09909bfb968.rlib --extern zeroize=/yolo/target/debug/deps/libzeroize-9efcb6e6e123c20c.rlib -C link-arg=-fuse-ld=mold`
     Running `sccache /home/agent/.rustup/toolchains/stable-x86_64-unknown-linux-gnu/bin/rustc --crate-name einmo --edition=2024 src/main.rs --error-format=json --json=diagnostic-rendered-ansi,artifacts,future-incompat --emit=dep-info,link -C embed-bitcode=no -C debuginfo=2 '--deny=clippy::overly_complex_bool_expr' '--deny=clippy::nonminimal_bool' --test --check-cfg 'cfg(docsrs,test)' --check-cfg 'cfg(feature, values())' -C metadata=cd3bdfa30446e2cb -C extra-filename=-c0aa28cf6b7912f9 --out-dir /yolo/target/debug/deps -C linker=clang -C incremental=/yolo/target/debug/incremental -L dependency=/yolo/target/debug/deps --extern argon2=/yolo/target/debug/deps/libargon2-464fe254155a1171.rlib --extern axum=/yolo/target/debug/deps/libaxum-6557850bc502ce55.rlib --extern base64=/yolo/target/debug/deps/libbase64-cf52d12135ebe0c5.rlib --extern chacha20poly1305=/yolo/target/debug/deps/libchacha20poly1305-cab59fc41b5a6a75.rlib --extern clap=/yolo/target/debug/deps/libclap-f50ee7b197b2fd58.rlib --extern ed25519_dalek=/yolo/target/debug/deps/libed25519_dalek-0d619e549ff9cfc5.rlib --extern einmo=/yolo/target/debug/deps/libeinmo-8a013b18b8184214.rlib --extern fips205=/yolo/target/debug/deps/libfips205-d309159d5762afed.rlib --extern futures_util=/yolo/target/debug/deps/libfutures_util-3c37c8bcf882194d.rlib --extern hex=/yolo/target/debug/deps/libhex-0bebbe16d4d4e116.rlib --extern hyper=/yolo/target/debug/deps/libhyper-b9149de661564070.rlib --extern hyper_util=/yolo/target/debug/deps/libhyper_util-4dc01e77a2fdd092.rlib --extern hyperlocal=/yolo/target/debug/deps/libhyperlocal-0f37c717f4e2a75e.rlib --extern rand_core=/yolo/target/debug/deps/librand_core-e3b70bbe0c63c37f.rlib --extern rpassword=/yolo/target/debug/deps/librpassword-d73be057acb4ea6e.rlib --extern serde=/yolo/target/debug/deps/libserde-ce4a22669f830d2d.rlib --extern serde_json=/yolo/target/debug/deps/libserde_json-3ab0b2292944132a.rlib --extern sha2=/yolo/target/debug/deps/libsha2-1a366e4c3671b6ab.rlib --extern similar=/yolo/target/debug/deps/libsimilar-ca536a06b0b0f595.rlib --extern tempfile=/yolo/target/debug/deps/libtempfile-76a7e07362794215.rlib --extern thiserror=/yolo/target/debug/deps/libthiserror-4a9c119a5bba7761.rlib --extern time=/yolo/target/debug/deps/libtime-6d7f47846e33ce98.rlib --extern tokio=/yolo/target/debug/deps/libtokio-647a0c74752d0942.rlib --extern tokio_stream=/yolo/target/debug/deps/libtokio_stream-89357a7d6ae961be.rlib --extern toml=/yolo/target/debug/deps/libtoml-e503d86707f7f989.rlib --extern tower=/yolo/target/debug/deps/libtower-3b98c09909bfb968.rlib --extern zeroize=/yolo/target/debug/deps/libzeroize-9efcb6e6e123c20c.rlib -C link-arg=-fuse-ld=mold`
     Running `sccache /home/agent/.rustup/toolchains/stable-x86_64-unknown-linux-gnu/bin/rustc --crate-name cargo_einmo --edition=2024 src/bin/cargo_einmo.rs --error-format=json --json=diagnostic-rendered-ansi,artifacts,future-incompat --emit=dep-info,link -C embed-bitcode=no -C debuginfo=2 '--deny=clippy::overly_complex_bool_expr' '--deny=clippy::nonminimal_bool' --test --check-cfg 'cfg(docsrs,test)' --check-cfg 'cfg(feature, values())' -C metadata=b225d5aa23ea1adb -C extra-filename=-4a9017f4cd20fac4 --out-dir /yolo/target/debug/deps -C linker=clang -C incremental=/yolo/target/debug/incremental -L dependency=/yolo/target/debug/deps --extern argon2=/yolo/target/debug/deps/libargon2-464fe254155a1171.rlib --extern axum=/yolo/target/debug/deps/libaxum-6557850bc502ce55.rlib --extern base64=/yolo/target/debug/deps/libbase64-cf52d12135ebe0c5.rlib --extern chacha20poly1305=/yolo/target/debug/deps/libchacha20poly1305-cab59fc41b5a6a75.rlib --extern clap=/yolo/target/debug/deps/libclap-f50ee7b197b2fd58.rlib --extern ed25519_dalek=/yolo/target/debug/deps/libed25519_dalek-0d619e549ff9cfc5.rlib --extern einmo=/yolo/target/debug/deps/libeinmo-8a013b18b8184214.rlib --extern fips205=/yolo/target/debug/deps/libfips205-d309159d5762afed.rlib --extern futures_util=/yolo/target/debug/deps/libfutures_util-3c37c8bcf882194d.rlib --extern hex=/yolo/target/debug/deps/libhex-0bebbe16d4d4e116.rlib --extern hyper=/yolo/target/debug/deps/libhyper-b9149de661564070.rlib --extern hyper_util=/yolo/target/debug/deps/libhyper_util-4dc01e77a2fdd092.rlib --extern hyperlocal=/yolo/target/debug/deps/libhyperlocal-0f37c717f4e2a75e.rlib --extern rand_core=/yolo/target/debug/deps/librand_core-e3b70bbe0c63c37f.rlib --extern rpassword=/yolo/target/debug/deps/librpassword-d73be057acb4ea6e.rlib --extern serde=/yolo/target/debug/deps/libserde-ce4a22669f830d2d.rlib --extern serde_json=/yolo/target/debug/deps/libserde_json-3ab0b2292944132a.rlib --extern sha2=/yolo/target/debug/deps/libsha2-1a366e4c3671b6ab.rlib --extern similar=/yolo/target/debug/deps/libsimilar-ca536a06b0b0f595.rlib --extern tempfile=/yolo/target/debug/deps/libtempfile-76a7e07362794215.rlib --extern thiserror=/yolo/target/debug/deps/libthiserror-4a9c119a5bba7761.rlib --extern time=/yolo/target/debug/deps/libtime-6d7f47846e33ce98.rlib --extern tokio=/yolo/target/debug/deps/libtokio-647a0c74752d0942.rlib --extern tokio_stream=/yolo/target/debug/deps/libtokio_stream-89357a7d6ae961be.rlib --extern toml=/yolo/target/debug/deps/libtoml-e503d86707f7f989.rlib --extern tower=/yolo/target/debug/deps/libtower-3b98c09909bfb968.rlib --extern zeroize=/yolo/target/debug/deps/libzeroize-9efcb6e6e123c20c.rlib -C link-arg=-fuse-ld=mold`
     Running `sccache /home/agent/.rustup/toolchains/stable-x86_64-unknown-linux-gnu/bin/rustc --crate-name einmo_review_server --edition=2024 src/bin/einmo_review_server.rs --error-format=json --json=diagnostic-rendered-ansi,artifacts,future-incompat --emit=dep-info,link -C embed-bitcode=no -C debuginfo=2 '--deny=clippy::overly_complex_bool_expr' '--deny=clippy::nonminimal_bool' --test --check-cfg 'cfg(docsrs,test)' --check-cfg 'cfg(feature, values())' -C metadata=50c12847b69157ee -C extra-filename=-ea5e87d7386c6be0 --out-dir /yolo/target/debug/deps -C linker=clang -C incremental=/yolo/target/debug/incremental -L dependency=/yolo/target/debug/deps --extern argon2=/yolo/target/debug/deps/libargon2-464fe254155a1171.rlib --extern axum=/yolo/target/debug/deps/libaxum-6557850bc502ce55.rlib --extern base64=/yolo/target/debug/deps/libbase64-cf52d12135ebe0c5.rlib --extern chacha20poly1305=/yolo/target/debug/deps/libchacha20poly1305-cab59fc41b5a6a75.rlib --extern clap=/yolo/target/debug/deps/libclap-f50ee7b197b2fd58.rlib --extern ed25519_dalek=/yolo/target/debug/deps/libed25519_dalek-0d619e549ff9cfc5.rlib --extern einmo=/yolo/target/debug/deps/libeinmo-8a013b18b8184214.rlib --extern fips205=/yolo/target/debug/deps/libfips205-d309159d5762afed.rlib --extern futures_util=/yolo/target/debug/deps/libfutures_util-3c37c8bcf882194d.rlib --extern hex=/yolo/target/debug/deps/libhex-0bebbe16d4d4e116.rlib --extern hyper=/yolo/target/debug/deps/libhyper-b9149de661564070.rlib --extern hyper_util=/yolo/target/debug/deps/libhyper_util-4dc01e77a2fdd092.rlib --extern hyperlocal=/yolo/target/debug/deps/libhyperlocal-0f37c717f4e2a75e.rlib --extern rand_core=/yolo/target/debug/deps/librand_core-e3b70bbe0c63c37f.rlib --extern rpassword=/yolo/target/debug/deps/librpassword-d73be057acb4ea6e.rlib --extern serde=/yolo/target/debug/deps/libserde-ce4a22669f830d2d.rlib --extern serde_json=/yolo/target/debug/deps/libserde_json-3ab0b2292944132a.rlib --extern sha2=/yolo/target/debug/deps/libsha2-1a366e4c3671b6ab.rlib --extern similar=/yolo/target/debug/deps/libsimilar-ca536a06b0b0f595.rlib --extern tempfile=/yolo/target/debug/deps/libtempfile-76a7e07362794215.rlib --extern thiserror=/yolo/target/debug/deps/libthiserror-4a9c119a5bba7761.rlib --extern time=/yolo/target/debug/deps/libtime-6d7f47846e33ce98.rlib --extern tokio=/yolo/target/debug/deps/libtokio-647a0c74752d0942.rlib --extern tokio_stream=/yolo/target/debug/deps/libtokio_stream-89357a7d6ae961be.rlib --extern toml=/yolo/target/debug/deps/libtoml-e503d86707f7f989.rlib --extern tower=/yolo/target/debug/deps/libtower-3b98c09909bfb968.rlib --extern zeroize=/yolo/target/debug/deps/libzeroize-9efcb6e6e123c20c.rlib -C link-arg=-fuse-ld=mold`
    Finished `test` profile [unoptimized + debuginfo] target(s) in 10.97s
  Executable `/yolo/target/debug/deps/einmo-ed41b1ecd06a0630`
  Executable `/yolo/target/debug/deps/cargo_einmo-4a9017f4cd20fac4`
  Executable `/yolo/target/debug/deps/cargo_einmo_review_server-a784ecfd5ca0bea2`
  Executable `/yolo/target/debug/deps/einmo-c0aa28cf6b7912f9`
  Executable `/yolo/target/debug/deps/einmo_review_server-ea5e87d7386c6be0`

*** result: Success

*** /home/agent/.rustup/toolchains/stable-x86_64-unknown-linux-gnu/bin/cargo test --verbose --package=einmo@0.0.5
       Fresh unicode-ident v1.0.24
       Fresh cfg-if v1.0.4
       Fresh version_check v0.9.5
       Fresh typenum v1.20.1
       Fresh subtle v2.6.1
       Fresh pin-project-lite v0.2.17
       Fresh itoa v1.0.18
       Fresh futures-core v0.3.33
       Fresh bytes v1.12.1
       Fresh cpufeatures v0.2.17
       Fresh once_cell v1.21.4
       Fresh log v0.4.33
       Fresh slab v0.4.12
       Fresh try-lock v0.2.5
       Fresh futures-task v0.3.33
       Fresh libc v0.2.189
       Fresh http v1.5.0
       Fresh tracing-core v0.1.36
       Fresh semver v1.0.28
       Fresh tower-service v0.3.3
       Fresh want v0.3.1
       Fresh futures-channel v0.3.33
       Fresh futures-util v0.3.33
       Fresh utf8parse v0.2.2
       Fresh httpdate v1.0.3
       Fresh atomic-waker v1.1.2
       Fresh smallvec v1.15.2
       Fresh hashbrown v0.17.1
       Fresh percent-encoding v2.3.2
       Fresh proc-macro2 v1.0.107
       Fresh getrandom v0.2.17
       Fresh serde_core v1.0.229
       Fresh errno v0.3.14
       Fresh socket2 v0.6.5
       Fresh mio v1.2.2
       Fresh http-body v1.1.0
       Fresh tracing v0.1.44
       Fresh rustc_version v0.4.1
       Fresh httparse v1.10.1
       Fresh anstyle-parse v1.0.0
       Fresh anstyle v1.0.14
       Fresh tower-layer v0.3.3
       Fresh equivalent v1.0.2
       Fresh colorchoice v1.0.5
       Fresh is_terminal_polyfill v1.70.2
       Fresh anstyle-query v1.1.5
       Fresh sync_wrapper v1.0.2
       Fresh quote v1.0.47
       Fresh generic-array v0.14.7
       Fresh rand_core v0.6.4
       Fresh signal-hook-registry v1.4.8
       Fresh http-body-util v0.1.4
       Fresh indexmap v2.14.0
       Fresh anstream v1.0.0
       Fresh zmij v1.0.23
       Fresh form_urlencoded v1.2.2
       Fresh futures-sink v0.3.33
       Fresh strsim v0.11.1
       Fresh ryu v1.0.23
       Fresh heck v0.5.0
       Fresh time-core v0.1.9
       Fresh toml_write v0.1.2
       Fresh base64ct v1.8.3
       Fresh memchr v2.8.3
       Fresh syn v3.0.3
       Fresh crypto-common v0.1.7
       Fresh syn v2.0.119
       Fresh block-buffer v0.10.4
       Fresh inout v0.1.4
       Fresh keccak v0.1.6
       Fresh mime v0.3.17
       Fresh winnow v0.7.15
       Fresh signature v2.2.0
       Fresh clap_lex v1.1.0
       Fresh num-conv v0.2.2
       Fresh opaque-debug v0.3.1
       Fresh password-hash v0.5.0
       Fresh serde_json v1.0.151
       Fresh serde_path_to_error v0.1.20
       Fresh rtoolbox v0.0.5
       Fresh matchit v0.8.4
       Fresh tokio-macros v2.7.2
       Fresh digest v0.10.7
       Fresh serde_derive v1.0.229
       Fresh zeroize_derive v1.5.0
       Fresh universal-hash v0.5.1
       Fresh curve25519-dalek-derive v0.1.1
       Fresh clap_derive v4.6.4
       Fresh axum-core v0.5.6
       Fresh thiserror-impl v2.0.19
       Fresh ed25519 v2.2.3
       Fresh aead v0.5.2
       Fresh time-macros v0.2.32
       Fresh clap_builder v4.6.2
       Fresh linux-raw-sys v0.12.1
       Fresh hex v0.4.3
       Fresh deranged v0.5.8
       Fresh bitflags v2.13.1
       Fresh powerfmt v0.2.0
       Fresh rpassword v7.5.4
       Fresh similar v2.7.0
       Fresh tokio v1.53.1
       Fresh zeroize v1.9.0
       Fresh serde v1.0.229
       Fresh sha2 v0.10.9
       Fresh poly1305 v0.8.0
       Fresh blake2 v0.10.6
       Fresh sha3 v0.10.9
       Fresh rustix v1.1.4
       Fresh clap v4.6.4
       Fresh time v0.3.54
       Fresh thiserror v2.0.19
       Fresh getrandom v0.4.3
       Fresh base64 v0.22.1
       Fresh fastrand v2.5.0
       Fresh hyper v1.11.0
       Fresh serde_spanned v0.6.9
       Fresh cipher v0.4.4
       Fresh toml_datetime v0.6.11
       Fresh tower v0.5.3
       Fresh curve25519-dalek v4.1.3
       Fresh serde_urlencoded v0.7.1
       Fresh tokio-util v0.7.19
       Fresh argon2 v0.5.3
       Fresh fips205 v0.4.1
       Fresh tempfile v3.27.0
       Fresh hyper-util v0.1.20
       Fresh toml_edit v0.22.27
       Fresh chacha20 v0.9.1
       Fresh tokio-stream v0.1.19
       Fresh ed25519-dalek v2.2.0
       Fresh axum v0.8.9
       Fresh chacha20poly1305 v0.10.1
       Fresh toml v0.8.23
       Fresh hyperlocal v0.9.1
       Fresh einmo v0.0.5 (/yolo/tmp/cargo-mutants-einmo-lsi7M1.tmp)
    Finished `test` profile [unoptimized + debuginfo] target(s) in 0.13s
     Running `/yolo/target/debug/deps/einmo-ed41b1ecd06a0630`

running 356 tests
test case::tests::agreement_both_absent ... ok
test case::tests::agreement_records_the_policy_it_was_computed_under ... ok
test case::tests::retract_refuses_output ... ok
test cli::tests::cli_parses_list_and_body ... ok
test cli::tests::cli_parses_subcommands ... ok
test cli::tests::cli_promote_collects_positional_args ... ok
test cli::tests::cli_promote_no_files_is_empty ... ok
test cli::tests::cli_promote_spaced_form_parses ... ok
test cli::tests::cli_verify_accepts_positional_files ... ok
test cli::tests::files_ref_empty_is_none ... ok
test cli::tests::flags_do_not_fail_the_gate_when_downgraded ... ok
test cli::tests::flags_fail_the_gate_by_default ... ok
test cli::tests::no_flags_never_fails_the_gate_either_way ... ok
test cli::tests::parse_transition_ok_and_errors ... ok
test cli::tests::resolve_files_from_iter_dash_mixed_with_files ... ok
test cli::tests::resolve_files_from_iter_dash_replaced_by_stdin ... ok
test cli::tests::resolve_files_from_iter_empty ... ok
test cli::tests::resolve_files_from_iter_no_dash ... ok
test cli::tests::resolve_files_from_iter_skips_blank_lines ... ok
test cli::tests::split_promote_spaced_and_glued_agree ... ok
test cli::tests::transition_accepts_redirect_safe_separators ... ok
test collation::tests::case_differing_paths_sort_deterministically_without_folding ... ok
test collation::tests::case_sort_is_deterministic_across_discovery_orders ... ok
test collation::tests::default_is_path_bytes ... ok
test collation::tests::distinct_normalization_forms_are_not_folded_together ... ok
test collation::tests::duplicate_path_is_a_hard_error_never_a_silent_tiebreak ... ok
test collation::tests::flat_and_nested_sharing_a_prefix_order_by_structure ... ok
test collation::tests::identifier_round_trips ... ok
test collation::tests::no_tie_among_many_distinct_paths ... ok
test collation::tests::ordering_is_stable_regardless_of_discovery_order ... ok
test collation::tests::separator_vs_in_name_character_sorts_structurally ... ok
test collation::tests::shorter_prefix_sorts_first_when_nested ... ok
test collation::tests::unknown_identifier_fails_as_that_not_a_generic_mismatch ... ok
test case::tests::promote_refuses_tampered_source ... ok
test case::tests::promote_errors_when_source_is_absent ... ok
test case::tests::retract_checked_cascades_to_verified_and_reports_only_what_existed ... ok
test case::tests::retract_verified_leaves_checked ... ok
test case::tests::agreement_one_sided_reports_which_side_is_present_both_directions ... ok
test case::tests::agreement_tampered_is_never_folded_into_differ ... ok
test compare::tests::root_cause_descends_to_deepest ... ok
test case::tests::agreement_p1_repro_unpopulated_verified_does_not_affect_output_checked_agreement ... ok
test compare::tests::compare_files_only_in_one_stage ... ok
test config::tests::builder_sets_fields ... ok
test config::tests::cascade_cli_overrides_env ... ok
test config::tests::cascade_env_overrides_stage_config ... ok
test config::tests::cascade_stage_config_used_when_present ... ok
test config::tests::cascade_verified_unset_falls_through_to_prompt ... ok
test config::tests::collation_defaults_to_path_bytes_when_unset ... ok
test config::tests::collation_reads_from_einmo_toml_signing_section ... ok
test config::tests::collation_unknown_identifier_in_toml_is_a_corpus_signature_error ... ok
test config::tests::empty_string_is_set_not_unset ... ok
test config::tests::interactive_flag_forces_prompt ... ok
test config::tests::key_source_consumes_the_passphrase_string ... ok
test config::tests::key_source_debug_never_renders_the_raw_passphrase ... ok
test config::tests::key_source_from_empty_string_is_the_computer_key ... ok
test config::tests::key_source_from_str_literal_works ... ok
test config::tests::stage_dirs_default_and_paths ... ok
test case::tests::agreement_all_present_and_agree ... ok
test case::tests::flag_moves_the_artifact_into_the_origin_stages_own_sink ... ok
test case::tests::promote_writes_a_fresh_baseline_when_destination_absent ... ok
test corpus_signer::tests::digest_changes_on_add_remove_alter_reorder ... ok
test corpus_signer::tests::digest_is_stable_across_repeated_calls_with_no_change ... ok
test corpus_signer::tests::digest_reflects_manifest_order_not_just_file_set ... ok
test corpus_signer::tests::empty_section_manifest_is_well_formed ... ok
test case::tests::promote_already_signed_by_this_key_is_a_true_noop ... ok
test corpus_signer::tests::manifest_is_deterministic_regardless_of_discovery_order ... ok
test corpus_signer::tests::mid_read_size_change_is_a_hard_error ... ok
test corpus_signer::tests::normal_digest_over_a_stable_file_succeeds ... ok
test case::tests::promote_refuses_an_illegal_transition ... ok
test compare::tests::comments_diff_ignored_by_default_but_caught_when_required ... ok
test case::tests::promote_flags_non_human_for_the_computer_key_on_verified ... ok
test case::tests::promote_cosigns_when_destination_content_matches ... ok
test case::tests::agreement_differ_reports_the_diverged_section_names ... ok
test case::tests::flag_concatenates_with_an_existing_flagged_note ... ok
test einmo_suite::tests::body_sections_excludes_stamps ... ok
test case::tests::agreement_comments_repro_policy_controls_whether_comments_only_divergence_counts ... ok
test case::tests::promote_deliberate_asymmetry_comments_only_difference_is_not_a_match ... ok
test case::tests::promote_genuinely_different_content_writes_a_fresh_baseline_not_a_cosign ... ok
test compare::tests::tampered_file_is_tampered_not_differing ... ok
test compare::tests::output_diff_is_differing ... ok
test compare::tests::only_in_a_and_only_in_b ... ok
test einmo_suite::tests::count_flagged_attributes_each_artifact_to_its_own_origin_stage ... ok
test einmo_suite::tests::count_flagged_is_zero_for_a_suite_with_no_flags ... ok
test einmo_suite::tests::count_flagged_lists_every_flagged_artifact ... ok
test compare::tests::stamps_only_diff_still_matches ... ok
test compare::tests::identical_stages_all_matching ... ok
test einmo_suite::tests::catastrophe_crumb_detected_suite_fails ... ok
test einmo_suite::tests::default_failure_policy_is_fail_at_end ... ok
test einmo_suite::tests::catastrophe_crumb_ignored_suite_passes ... ok
test compare::tests::compare_single_file ... ok
test einmo_suite::tests::checked_level_demands_a_baseline_but_not_signatures ... ok
test einmo_suite::tests::env_beats_builder ... ok
test einmo_suite::tests::correspondence_failure_reported_until_promoted ... ok
test einmo_suite::tests::crumb_written_before_evaluation ... ok
test einmo_suite::tests::extraneous_input_and_orphaned_artifact_are_distinct ... ok
test einmo_suite::tests::clean_suite_has_no_integrity_violations ... ok
test einmo_suite::tests::fail_fast_stops_at_the_first_problem_fae_gathers_all ... ok
test corpus_signer::tests::corpus_signer_key_is_domain_separated_from_the_ed25519_stamp_key ... ok
test einmo_suite::tests::catastrophe_crumb_rerun_overwrites ... ok
test einmo_suite::tests::levels_escalate_cumulatively ... ok
test einmo_suite::tests::duration_limit_exceeded_fails_test ... ok
test einmo_suite::tests::dependent_diff_is_generated_and_signed ... ok
test einmo_suite::tests::diff_limit_exceed_fails_and_marks_output_error ... ok
test einmo_suite::tests::err_becomes_input_error_status ... ok
test einmo_suite::tests::per_suite_toml_beats_crate_wise ... ok
test einmo_suite::tests::extraneous_input_is_a_violation ... ok
test einmo_suite::tests::problems_report_their_level ... ok
test einmo_suite::tests::evaluate_writes_stamped_verifiable_output ... ok
test einmo_suite::tests::reference_resolution_and_chains ... ok
test einmo_suite::tests::flagged_orphan_is_not_a_violation ... ok
test einmo_suite::tests::inline_input_captured ... ok
test einmo_suite::tests::toml_suite_section_parsed ... ok
test einmo_suite::tests::topological_puts_reference_first ... ok
test einmo_suite::tests::orphaned_artifact_is_a_violation ... ok
test einmo_suite::tests::output_level_ignores_unpopulated_higher_stages ... ok
test einmo_suite::tests::panic_becomes_output_error_status ... ok
test einmo_suite::tests::perspective_section_emitted ... ok
test corpus_signer::tests::different_passphrases_yield_different_slh_dsa_keys ... ok
test corpus_signer::tests::same_passphrase_derives_the_same_slh_dsa_keypair_every_time ... ok
test einmo_suite::tests::write_output_corrupt_existing_is_treated_as_absent_fresh_write ... ok
test einmo_suite::tests::suite_duration_limit_aborts_early ... ok
test format::tests::malformed_header_errors ... ok
test format::tests::missing_sections_errors ... ok
test format::tests::advisory_line_excluded_from_signed_bytes ... ok
test format::tests::concatenated_advisory_round_trips_and_keeps_the_chain_valid ... ok
test einmo_suite::tests::read_error_produces_output_error_status ... ok
test format::tests::multiple_output_sections ... ok
test format::tests::generated_chain_verifies_after_roundtrip ... ok
test format::tests::perspective_section_roundtrips ... ok
test journal::tests::harden_dir_creates_and_secures_mode_0700 ... ok
test journal::tests::journal_decision_round_trips_through_its_wire_form ... ok
test journal::tests::journal_level_orders_terse_normal_fine ... ok
test journal::tests::log_at_respects_the_configured_level ... ok
test journal::tests::replay_of_a_never_written_session_is_empty ... ok
test journal::tests::replay_round_trips_events_in_order ... ok
test journal::tests::replay_skips_an_unparseable_line_wherever_it_occurs ... ok
test format::tests::roundtrip_byte_exact_default_separator ... ok
test einmo_suite::tests::write_output_differing_content_marks_drifted_and_leaves_existing_untouched ... ok
test format::tests::roundtrip_foolish_separator ... ok
test format::tests::cr_in_status_detail_roundtrips ... ok
test format::tests::separator_collision_refused ... ok
test einmo_suite::tests::write_output_unchanged_content_different_signer_appends_stamp ... ok
test einmo_suite::tests::write_output_unchanged_content_same_signer_is_byte_identical_noop ... ok
test einmo_suite::tests::crash_crumb_survives_stack_overflow ... ok
test format::tests::status_and_detail_roundtrip_multiline ... ok
test einmo_suite::tests::crash_crumb_survives_process_abort ... ok
test einmo_suite::tests::regenerate_output_replaces_drifted_content_and_a_subsequent_run_is_clean ... ok
test review::tests::an_expired_claim_is_auto_reclaimed ... ok
test review::tests::default_review_opts_is_full_mode_no_filter ... ok
test review::tests::body_is_single_flight_verified ... ok
test review::tests::concurrent_execute_calls_do_not_corrupt_state ... ok
test review::tests::body_reverifies_a_different_artifact ... ok
test einmo_suite::tests::parallel_and_serial_agree ... ok
test review::tests::claim_appears_in_plan_output ... ok
test review::tests::claim_is_advisory_and_never_blocks_decide_or_execute ... ok
test review::tests::execute_derives_stage_key_once_per_batch_not_per_case ... ok
test review::tests::claim_refreshes_rather_than_stacks ... ok
test review::tests::comprehensive_multi_reviewer_end_to_end ... ok
test corpus_signer::tests::added_file_after_signing_fails_verify has been running for over 60 seconds
test corpus_signer::tests::empty_section_signs_and_verifies_like_any_other has been running for over 60 seconds
test corpus_signer::tests::section_sig_file_is_dot_named_and_excluded_from_its_own_manifest has been running for over 60 seconds
test corpus_signer::tests::sign_then_verify_round_trips has been running for over 60 seconds
test corpus_signer::tests::tampered_section_after_signing_fails_verify has been running for over 60 seconds
test corpus_signer::tests::tampered_signature_bytes_fail_verify_not_a_panic has been running for over 60 seconds
test corpus_signer::tests::unrecognized_collation_in_section_sig_fails_as_that has been running for over 60 seconds
test corpus_signer::tests::sign_then_verify_round_trips ... ok
test corpus_signer::tests::section_sig_file_is_dot_named_and_excluded_from_its_own_manifest ... ok
test corpus_signer::tests::unrecognized_collation_in_section_sig_fails_as_that ... ok
test corpus_signer::tests::added_file_after_signing_fails_verify ... ok
test corpus_signer::tests::empty_section_signs_and_verifies_like_any_other ... ok
test corpus_signer::tests::tampered_section_after_signing_fails_verify ... ok
test review::tests::comprehensive_suite_wide_consistency_between_test_and_review_consumers ... ok
test review::tests::decide_and_undecide_are_journaled ... ok
test corpus_signer::tests::tampered_signature_bytes_fail_verify_not_a_panic ... ok
test review::tests::decide_replaces_not_stacks ... ok
test review::tests::decision_reports_the_answer_so_far ... ok
test review::tests::diff_excludes_stamps_section ... ok
test review::tests::diff_is_all_equal_when_stage_bodies_match ... ok
test review::tests::diff_reports_line_level_changes_between_differing_stages ... ok
test review::tests::execute_clears_pending_decisions_it_applied has been running for over 60 seconds
test review::tests::execute_clears_pending_decisions_it_applied ... ok
test review::tests::execute_clears_pending_decisions_it_skipped has been running for over 60 seconds
test review::tests::execute_clears_pending_decisions_it_skipped ... ok
test review::tests::execute_flag_moves_and_writes_advisory_no_signing has been running for over 60 seconds
test review::tests::execute_flag_moves_and_writes_advisory_no_signing ... ok
test review::tests::execute_logs_one_execute_batch_entry has been running for over 60 seconds
test review::tests::execute_missing_verified_key_aborts_the_whole_batch_untouched has been running for over 60 seconds
test review::tests::execute_logs_one_execute_batch_entry ... ok
test review::tests::execute_missing_verified_key_aborts_the_whole_batch_untouched ... ok
test review::tests::execute_one_applies_a_pending_decision ... ok
test review::tests::execute_one_clears_the_decision_afterward ... ok
test review::tests::execute_one_errors_on_a_skip_decision ... ok
test review::tests::execute_one_errors_when_no_decision_is_pending ... ok
test review::tests::execute_one_errors_when_the_decision_has_drifted has been running for over 60 seconds
test review::tests::execute_promote_appends_a_second_signers_stamp_when_content_matches has been running for over 60 seconds
test review::tests::execute_promote_is_a_true_noop_when_dest_already_matches_and_is_mine has been running for over 60 seconds
test review::tests::execute_promote_matches_cli_promote_byte_for_byte has been running for over 60 seconds
test review::tests::execute_one_errors_when_the_decision_has_drifted ... ok
test review::tests::execute_promote_to_verified_without_key_errors has been running for over 60 seconds
test review::tests::execute_promote_writes_a_fresh_baseline_when_content_genuinely_differs has been running for over 60 seconds
test review::tests::execute_reports_non_human_for_a_computer_key_verified_promotion_but_not_a_real_one has been running for over 60 seconds
test review::tests::execute_promote_appends_a_second_signers_stamp_when_content_matches ... ok
test review::tests::execute_retract_from_verified_removes_only_verified has been running for over 60 seconds
test review::tests::execute_promote_is_a_true_noop_when_dest_already_matches_and_is_mine ... ok
test review::tests::execute_retract_matches_cli_retract_and_cascades has been running for over 60 seconds
test review::tests::execute_skips_a_drifted_decision_and_never_applies_stale_content has been running for over 60 seconds
test review::tests::execute_promote_matches_cli_promote_byte_for_byte ... ok
test review::tests::filter_restricts_items_by_substring has been running for over 60 seconds
test review::tests::execute_promote_writes_a_fresh_baseline_when_content_genuinely_differs ... ok
test review::tests::flag_now_clears_any_pending_decision has been running for over 60 seconds
test review::tests::execute_reports_non_human_for_a_computer_key_verified_promotion_but_not_a_real_one ... ok
test review::tests::flag_now_concatenates_with_an_existing_flagged_note has been running for over 60 seconds
