
*** src/verify.rs:29:5: replace verify_all -> Vec<StampVerification> with vec![Default::default()]

*** mutation diff:
--- src/verify.rs
+++ replace verify_all -> Vec<StampVerification> with vec![Default::default()]
@@ -21,17 +21,17 @@
 // ---------------------------------------------------------------------------
 
 /// Per-stamp verification verdict for an [`EinmoFile`].
 pub type StampVerification = StampCheck;
 
 /// Verify every stamp of an already-parsed file against its own signed prefix.
 #[must_use]
 pub fn verify_all(file: &EinmoFile) -> Vec<StampVerification> {
-    file.verify_all()
+    vec![Default::default()] /* ~ changed by cargo-mutants ~ */
 }
 
 /// Parse `bytes` and verify all stamps; return the file only if the chain is
 /// fully valid (verify-on-inspect).
 ///
 /// # Errors
 ///
 /// Returns [`EinmoError::Parse`] on a malformed envelope, or


*** /home/agent/.rustup/toolchains/stable-x86_64-unknown-linux-gnu/bin/cargo test --no-run --verbose --package=einmo@0.0.5
    Blocking waiting for file lock on package cache
    Blocking waiting for file lock on package cache
    Blocking waiting for file lock on package cache
       Fresh unicode-ident v1.0.24
       Fresh version_check v0.9.5
       Fresh cfg-if v1.0.4
       Fresh typenum v1.20.1
       Fresh subtle v2.6.1
       Fresh pin-project-lite v0.2.17
       Fresh libc v0.2.189
       Fresh futures-core v0.3.33
       Fresh itoa v1.0.18
       Fresh bytes v1.12.1
       Fresh once_cell v1.21.4
       Fresh cpufeatures v0.2.17
       Fresh log v0.4.33
       Fresh futures-task v0.3.33
       Fresh slab v0.4.12
       Fresh semver v1.0.28
       Fresh try-lock v0.2.5
       Fresh tower-service v0.3.3
       Fresh atomic-waker v1.1.2
       Fresh smallvec v1.15.2
       Fresh proc-macro2 v1.0.107
       Fresh getrandom v0.2.17
       Fresh errno v0.3.14
       Fresh mio v1.2.2
       Fresh socket2 v0.6.5
       Fresh http v1.5.0
       Fresh tracing-core v0.1.36
       Fresh futures-channel v0.3.33
       Fresh futures-util v0.3.33
       Fresh rustc_version v0.4.1
       Fresh want v0.3.1
       Fresh httpdate v1.0.3
       Fresh utf8parse v0.2.2
       Fresh anstyle-query v1.1.5
       Fresh tower-layer v0.3.3
       Fresh quote v1.0.47
       Fresh generic-array v0.14.7
       Fresh rand_core v0.6.4
       Fresh serde_core v1.0.229
       Fresh signal-hook-registry v1.4.8
       Fresh http-body v1.1.0
       Fresh tracing v0.1.44
       Fresh httparse v1.10.1
       Fresh anstyle-parse v1.0.0
       Fresh percent-encoding v2.3.2
       Fresh anstyle v1.0.14
       Fresh hashbrown v0.17.1
       Fresh is_terminal_polyfill v1.70.2
       Fresh colorchoice v1.0.5
       Fresh sync_wrapper v1.0.2
       Fresh equivalent v1.0.2
       Fresh zmij v1.0.23
       Fresh toml_write v0.1.2
       Fresh syn v3.0.3
       Fresh crypto-common v0.1.7
       Fresh syn v2.0.119
       Fresh block-buffer v0.10.4
       Fresh http-body-util v0.1.4
       Fresh inout v0.1.4
       Fresh indexmap v2.14.0
       Fresh anstream v1.0.0
       Fresh form_urlencoded v1.2.2
       Fresh signature v2.2.0
       Fresh mime v0.3.17
       Fresh opaque-debug v0.3.1
       Fresh strsim v0.11.1
       Fresh num-conv v0.2.2
       Fresh time-core v0.1.9
       Fresh winnow v0.7.15
       Fresh keccak v0.1.6
       Fresh clap_lex v1.1.0
       Fresh heck v0.5.0
       Fresh tokio-macros v2.7.2
       Fresh serde_derive v1.0.229
       Fresh zeroize_derive v1.5.0
       Fresh digest v0.10.7
       Fresh universal-hash v0.5.1
       Fresh curve25519-dalek-derive v0.1.1
       Fresh futures-sink v0.3.33
       Fresh ryu v1.0.23
       Fresh memchr v2.8.3
       Fresh base64ct v1.8.3
       Fresh ed25519 v2.2.3
       Fresh clap_derive v4.6.4
       Fresh aead v0.5.2
       Fresh thiserror-impl v2.0.19
       Fresh clap_builder v4.6.2
       Fresh axum-core v0.5.6
       Fresh time-macros v0.2.32
       Fresh serde_path_to_error v0.1.20
       Fresh tokio v1.53.1
       Fresh serde v1.0.229
       Fresh zeroize v1.9.0
       Fresh sha2 v0.10.9
       Fresh poly1305 v0.8.0
       Fresh blake2 v0.10.6
       Fresh sha3 v0.10.9
       Fresh serde_json v1.0.151
       Fresh password-hash v0.5.0
       Fresh rtoolbox v0.0.5
       Fresh hex v0.4.3
       Fresh matchit v0.8.4
       Fresh bitflags v2.13.1
       Fresh deranged v0.5.8
       Fresh linux-raw-sys v0.12.1
       Fresh powerfmt v0.2.0
       Fresh thiserror v2.0.19
       Fresh clap v4.6.4
       Fresh fastrand v2.5.0
       Fresh base64 v0.22.1
       Fresh hyper v1.11.0
       Fresh serde_spanned v0.6.9
       Fresh cipher v0.4.4
       Fresh toml_datetime v0.6.11
       Fresh tower v0.5.3
       Fresh tokio-util v0.7.19
       Fresh curve25519-dalek v4.1.3
       Fresh serde_urlencoded v0.7.1
       Fresh argon2 v0.5.3
       Fresh time v0.3.54
       Fresh rpassword v7.5.4
       Fresh fips205 v0.4.1
       Fresh rustix v1.1.4
       Fresh getrandom v0.4.3
       Fresh similar v2.7.0
       Fresh hyper-util v0.1.20
       Fresh chacha20 v0.9.1
       Fresh toml_edit v0.22.27
       Fresh ed25519-dalek v2.2.0
       Fresh tokio-stream v0.1.19
       Fresh tempfile v3.27.0
       Fresh chacha20poly1305 v0.10.1
       Fresh toml v0.8.23
       Fresh axum v0.8.9
       Fresh hyperlocal v0.9.1
       Dirty einmo v0.0.5 (/yolo/tmp/cargo-mutants-einmo-ItECuN.tmp): the file `src/review.rs` has changed (1785584041.076713986s, 7m 10s after last build at 1785583611.890501794s)
   Compiling einmo v0.0.5 (/yolo/tmp/cargo-mutants-einmo-ItECuN.tmp)
     Running `sccache /home/agent/.rustup/toolchains/stable-x86_64-unknown-linux-gnu/bin/rustc --crate-name einmo --edition=2024 src/lib.rs --error-format=json --json=diagnostic-rendered-ansi,artifacts,future-incompat --emit=dep-info,link -C embed-bitcode=no -C debuginfo=2 '--deny=clippy::overly_complex_bool_expr' '--deny=clippy::nonminimal_bool' --test --check-cfg 'cfg(docsrs,test)' --check-cfg 'cfg(feature, values())' -C metadata=7937130f11b59fed -C extra-filename=-ed41b1ecd06a0630 --out-dir /yolo/target/debug/deps -C linker=clang -C incremental=/yolo/target/debug/incremental -L dependency=/yolo/target/debug/deps --extern argon2=/yolo/target/debug/deps/libargon2-464fe254155a1171.rlib --extern axum=/yolo/target/debug/deps/libaxum-6557850bc502ce55.rlib --extern base64=/yolo/target/debug/deps/libbase64-cf52d12135ebe0c5.rlib --extern chacha20poly1305=/yolo/target/debug/deps/libchacha20poly1305-cab59fc41b5a6a75.rlib --extern clap=/yolo/target/debug/deps/libclap-f50ee7b197b2fd58.rlib --extern ed25519_dalek=/yolo/target/debug/deps/libed25519_dalek-0d619e549ff9cfc5.rlib --extern fips205=/yolo/target/debug/deps/libfips205-d309159d5762afed.rlib --extern futures_util=/yolo/target/debug/deps/libfutures_util-3c37c8bcf882194d.rlib --extern hex=/yolo/target/debug/deps/libhex-0bebbe16d4d4e116.rlib --extern hyper=/yolo/target/debug/deps/libhyper-b9149de661564070.rlib --extern hyper_util=/yolo/target/debug/deps/libhyper_util-4dc01e77a2fdd092.rlib --extern hyperlocal=/yolo/target/debug/deps/libhyperlocal-0f37c717f4e2a75e.rlib --extern rand_core=/yolo/target/debug/deps/librand_core-e3b70bbe0c63c37f.rlib --extern rpassword=/yolo/target/debug/deps/librpassword-d73be057acb4ea6e.rlib --extern serde=/yolo/target/debug/deps/libserde-ce4a22669f830d2d.rlib --extern serde_json=/yolo/target/debug/deps/libserde_json-3ab0b2292944132a.rlib --extern sha2=/yolo/target/debug/deps/libsha2-1a366e4c3671b6ab.rlib --extern similar=/yolo/target/debug/deps/libsimilar-ca536a06b0b0f595.rlib --extern tempfile=/yolo/target/debug/deps/libtempfile-76a7e07362794215.rlib --extern thiserror=/yolo/target/debug/deps/libthiserror-4a9c119a5bba7761.rlib --extern time=/yolo/target/debug/deps/libtime-6d7f47846e33ce98.rlib --extern tokio=/yolo/target/debug/deps/libtokio-647a0c74752d0942.rlib --extern tokio_stream=/yolo/target/debug/deps/libtokio_stream-89357a7d6ae961be.rlib --extern toml=/yolo/target/debug/deps/libtoml-e503d86707f7f989.rlib --extern tower=/yolo/target/debug/deps/libtower-3b98c09909bfb968.rlib --extern zeroize=/yolo/target/debug/deps/libzeroize-9efcb6e6e123c20c.rlib -C link-arg=-fuse-ld=mold`
     Running `sccache /home/agent/.rustup/toolchains/stable-x86_64-unknown-linux-gnu/bin/rustc --crate-name einmo --edition=2024 src/lib.rs --error-format=json --json=diagnostic-rendered-ansi,artifacts,future-incompat --crate-type lib --emit=dep-info,metadata,link -C embed-bitcode=no -C debuginfo=2 '--deny=clippy::overly_complex_bool_expr' '--deny=clippy::nonminimal_bool' --check-cfg 'cfg(docsrs,test)' --check-cfg 'cfg(feature, values())' -C metadata=ec247cf0a19148a4 -C extra-filename=-8a013b18b8184214 --out-dir /yolo/target/debug/deps -C linker=clang -C incremental=/yolo/target/debug/incremental -L dependency=/yolo/target/debug/deps --extern argon2=/yolo/target/debug/deps/libargon2-464fe254155a1171.rmeta --extern axum=/yolo/target/debug/deps/libaxum-6557850bc502ce55.rmeta --extern base64=/yolo/target/debug/deps/libbase64-cf52d12135ebe0c5.rmeta --extern chacha20poly1305=/yolo/target/debug/deps/libchacha20poly1305-cab59fc41b5a6a75.rmeta --extern clap=/yolo/target/debug/deps/libclap-f50ee7b197b2fd58.rmeta --extern ed25519_dalek=/yolo/target/debug/deps/libed25519_dalek-0d619e549ff9cfc5.rmeta --extern fips205=/yolo/target/debug/deps/libfips205-d309159d5762afed.rmeta --extern futures_util=/yolo/target/debug/deps/libfutures_util-3c37c8bcf882194d.rmeta --extern hex=/yolo/target/debug/deps/libhex-0bebbe16d4d4e116.rmeta --extern rand_core=/yolo/target/debug/deps/librand_core-e3b70bbe0c63c37f.rmeta --extern rpassword=/yolo/target/debug/deps/librpassword-d73be057acb4ea6e.rmeta --extern serde=/yolo/target/debug/deps/libserde-ce4a22669f830d2d.rmeta --extern serde_json=/yolo/target/debug/deps/libserde_json-3ab0b2292944132a.rmeta --extern sha2=/yolo/target/debug/deps/libsha2-1a366e4c3671b6ab.rmeta --extern similar=/yolo/target/debug/deps/libsimilar-ca536a06b0b0f595.rmeta --extern thiserror=/yolo/target/debug/deps/libthiserror-4a9c119a5bba7761.rmeta --extern time=/yolo/target/debug/deps/libtime-6d7f47846e33ce98.rmeta --extern tokio=/yolo/target/debug/deps/libtokio-647a0c74752d0942.rmeta --extern tokio_stream=/yolo/target/debug/deps/libtokio_stream-89357a7d6ae961be.rmeta --extern toml=/yolo/target/debug/deps/libtoml-e503d86707f7f989.rmeta --extern zeroize=/yolo/target/debug/deps/libzeroize-9efcb6e6e123c20c.rmeta -C link-arg=-fuse-ld=mold`
error[E0277]: the trait bound `StampCheck: Default` is not satisfied
   --> src/verify.rs:29:10
    |
 29 |     vec![Default::default()] /* ~ changed by cargo-mutants ~ */
    |          ^^^^^^^^^^^^^^^^^^ the trait `Default` is not implemented for `StampCheck`
    |
help: consider annotating `StampCheck` with `#[derive(Default)]`
   --> src/signature.rs:680:1
    |
680 + #[derive(Default)]
681 | pub struct StampCheck {
    |

For more information about this error, try `rustc --explain E0277`.
error: could not compile `einmo` (lib) due to 1 previous error

Caused by:
  process didn't exit successfully: `sccache /home/agent/.rustup/toolchains/stable-x86_64-unknown-linux-gnu/bin/rustc --crate-name einmo --edition=2024 src/lib.rs --error-format=json --json=diagnostic-rendered-ansi,artifacts,future-incompat --crate-type lib --emit=dep-info,metadata,link -C embed-bitcode=no -C debuginfo=2 '--deny=clippy::overly_complex_bool_expr' '--deny=clippy::nonminimal_bool' --check-cfg 'cfg(docsrs,test)' --check-cfg 'cfg(feature, values())' -C metadata=ec247cf0a19148a4 -C extra-filename=-8a013b18b8184214 --out-dir /yolo/target/debug/deps -C linker=clang -C incremental=/yolo/target/debug/incremental -L dependency=/yolo/target/debug/deps --extern argon2=/yolo/target/debug/deps/libargon2-464fe254155a1171.rmeta --extern axum=/yolo/target/debug/deps/libaxum-6557850bc502ce55.rmeta --extern base64=/yolo/target/debug/deps/libbase64-cf52d12135ebe0c5.rmeta --extern chacha20poly1305=/yolo/target/debug/deps/libchacha20poly1305-cab59fc41b5a6a75.rmeta --extern clap=/yolo/target/debug/deps/libclap-f50ee7b197b2fd58.rmeta --extern ed25519_dalek=/yolo/target/debug/deps/libed25519_dalek-0d619e549ff9cfc5.rmeta --extern fips205=/yolo/target/debug/deps/libfips205-d309159d5762afed.rmeta --extern futures_util=/yolo/target/debug/deps/libfutures_util-3c37c8bcf882194d.rmeta --extern hex=/yolo/target/debug/deps/libhex-0bebbe16d4d4e116.rmeta --extern rand_core=/yolo/target/debug/deps/librand_core-e3b70bbe0c63c37f.rmeta --extern rpassword=/yolo/target/debug/deps/librpassword-d73be057acb4ea6e.rmeta --extern serde=/yolo/target/debug/deps/libserde-ce4a22669f830d2d.rmeta --extern serde_json=/yolo/target/debug/deps/libserde_json-3ab0b2292944132a.rmeta --extern sha2=/yolo/target/debug/deps/libsha2-1a366e4c3671b6ab.rmeta --extern similar=/yolo/target/debug/deps/libsimilar-ca536a06b0b0f595.rmeta --extern thiserror=/yolo/target/debug/deps/libthiserror-4a9c119a5bba7761.rmeta --extern time=/yolo/target/debug/deps/libtime-6d7f47846e33ce98.rmeta --extern tokio=/yolo/target/debug/deps/libtokio-647a0c74752d0942.rmeta --extern tokio_stream=/yolo/target/debug/deps/libtokio_stream-89357a7d6ae961be.rmeta --extern toml=/yolo/target/debug/deps/libtoml-e503d86707f7f989.rmeta --extern zeroize=/yolo/target/debug/deps/libzeroize-9efcb6e6e123c20c.rmeta -C link-arg=-fuse-ld=mold` (exit status: 1)
warning: build failed, waiting for other jobs to finish...
error: could not compile `einmo` (lib test) due to 1 previous error

Caused by:
  process didn't exit successfully: `sccache /home/agent/.rustup/toolchains/stable-x86_64-unknown-linux-gnu/bin/rustc --crate-name einmo --edition=2024 src/lib.rs --error-format=json --json=diagnostic-rendered-ansi,artifacts,future-incompat --emit=dep-info,link -C embed-bitcode=no -C debuginfo=2 '--deny=clippy::overly_complex_bool_expr' '--deny=clippy::nonminimal_bool' --test --check-cfg 'cfg(docsrs,test)' --check-cfg 'cfg(feature, values())' -C metadata=7937130f11b59fed -C extra-filename=-ed41b1ecd06a0630 --out-dir /yolo/target/debug/deps -C linker=clang -C incremental=/yolo/target/debug/incremental -L dependency=/yolo/target/debug/deps --extern argon2=/yolo/target/debug/deps/libargon2-464fe254155a1171.rlib --extern axum=/yolo/target/debug/deps/libaxum-6557850bc502ce55.rlib --extern base64=/yolo/target/debug/deps/libbase64-cf52d12135ebe0c5.rlib --extern chacha20poly1305=/yolo/target/debug/deps/libchacha20poly1305-cab59fc41b5a6a75.rlib --extern clap=/yolo/target/debug/deps/libclap-f50ee7b197b2fd58.rlib --extern ed25519_dalek=/yolo/target/debug/deps/libed25519_dalek-0d619e549ff9cfc5.rlib --extern fips205=/yolo/target/debug/deps/libfips205-d309159d5762afed.rlib --extern futures_util=/yolo/target/debug/deps/libfutures_util-3c37c8bcf882194d.rlib --extern hex=/yolo/target/debug/deps/libhex-0bebbe16d4d4e116.rlib --extern hyper=/yolo/target/debug/deps/libhyper-b9149de661564070.rlib --extern hyper_util=/yolo/target/debug/deps/libhyper_util-4dc01e77a2fdd092.rlib --extern hyperlocal=/yolo/target/debug/deps/libhyperlocal-0f37c717f4e2a75e.rlib --extern rand_core=/yolo/target/debug/deps/librand_core-e3b70bbe0c63c37f.rlib --extern rpassword=/yolo/target/debug/deps/librpassword-d73be057acb4ea6e.rlib --extern serde=/yolo/target/debug/deps/libserde-ce4a22669f830d2d.rlib --extern serde_json=/yolo/target/debug/deps/libserde_json-3ab0b2292944132a.rlib --extern sha2=/yolo/target/debug/deps/libsha2-1a366e4c3671b6ab.rlib --extern similar=/yolo/target/debug/deps/libsimilar-ca536a06b0b0f595.rlib --extern tempfile=/yolo/target/debug/deps/libtempfile-76a7e07362794215.rlib --extern thiserror=/yolo/target/debug/deps/libthiserror-4a9c119a5bba7761.rlib --extern time=/yolo/target/debug/deps/libtime-6d7f47846e33ce98.rlib --extern tokio=/yolo/target/debug/deps/libtokio-647a0c74752d0942.rlib --extern tokio_stream=/yolo/target/debug/deps/libtokio_stream-89357a7d6ae961be.rlib --extern toml=/yolo/target/debug/deps/libtoml-e503d86707f7f989.rlib --extern tower=/yolo/target/debug/deps/libtower-3b98c09909bfb968.rlib --extern zeroize=/yolo/target/debug/deps/libzeroize-9efcb6e6e123c20c.rlib -C link-arg=-fuse-ld=mold` (exit status: 1)

*** result: Failure(101)
